// Vitest Snapshot v1, https://vitest.dev/guide/snapshot.html

exports[`Team: > should render correctly 1`] = `
<DocumentFragment>
  <section
    aria-labelledby="team_title"
    class="section bg-black"
    id="team"
  >
    <svg
      class="text-white h-40 w-full"
      preserveAspectRatio="none"
      role="presentation"
      viewBox="0 0 500 150"
    >
      <path
        d="M0.00,49.98 C161.96,151.48 356.65,-54.75 500.00,49.98 L504.51,-36.00 L-13.54,-3.44 Z"
        fill="currentColor"
        stroke="none"
      />
    </svg>
    <div
      class="section_header"
    >
      <h2
        class="section_heading"
        id="team_title"
      >
        Meet our team
      </h2>
      <h3
        class="section_subheading"
      >
        Lorem ipsum dolor sit amet
      </h3>
    </div>
    <div
      class="flex flex-wrap justify-evenly"
    >
      <article
        class="team_mate"
        id="fec6d982-1994-4d02-9cc7-18a86719fb7c"
      >
        <div
          class="team_mate_overlay"
        />
        <div
          class="team_mate_content"
        >
          <h4
            class="text-[2.7rem] font-semibold"
          >
            Paula Lee
          </h4>
          <p
            class="text-2xl font-medium"
          >
            CEO
          </p>
          <div
            class="mt-8 flex justify-between"
          >
            <a
              href="https://www.facebook.com"
              target="_blank"
              title="facebook"
            >
              <svg
                class="team_mate_icon"
                role="img"
              >
                <use
                  xlink:href="#icon-facebook"
                />
              </svg>
            </a>
            <a
              href="https://www.twitter.com"
              target="_blank"
              title="twitter"
            >
              <svg
                class="team_mate_icon"
                role="img"
              >
                <use
                  xlink:href="#icon-twitter"
                />
              </svg>
            </a>
            <a
              href="https://www.linkedin.com"
              target="_blank"
              title="linkedin"
            >
              <svg
                class="team_mate_icon"
                role="img"
              >
                <use
                  xlink:href="#icon-linkedin"
                />
              </svg>
            </a>
          </div>
        </div>
      </article>
      <article
        class="team_mate"
        id="c512f1ff-6fff-4aee-be97-7c0697204186"
      >
        <div
          class="team_mate_overlay"
        />
        <div
          class="team_mate_content"
        >
          <h4
            class="text-[2.7rem] font-semibold"
          >
            Ted Johnson
          </h4>
          <p
            class="text-2xl font-medium"
          >
            Co-Founder
          </p>
          <div
            class="mt-8 flex justify-between"
          >
            <a
              href="https://www.facebook.com"
              target="_blank"
              title="facebook"
            >
              <svg
                class="team_mate_icon"
                role="img"
              >
                <use
                  xlink:href="#icon-facebook"
                />
              </svg>
            </a>
            <a
              href="https://www.twitter.com"
              target="_blank"
              title="twitter"
            >
              <svg
                class="team_mate_icon"
                role="img"
              >
                <use
                  xlink:href="#icon-twitter"
                />
              </svg>
            </a>
            <a
              href="https://www.linkedin.com"
              target="_blank"
              title="linkedin"
            >
              <svg
                class="team_mate_icon"
                role="img"
              >
                <use
                  xlink:href="#icon-linkedin"
                />
              </svg>
            </a>
          </div>
        </div>
      </article>
      <article
        class="team_mate"
        id="37d5c8a6-3234-42f1-8379-65b50f5f12cb"
      >
        <div
          class="team_mate_overlay"
        />
        <div
          class="team_mate_content"
        >
          <h4
            class="text-[2.7rem] font-semibold"
          >
            Miranda Shaffer
          </h4>
          <p
            class="text-2xl font-medium"
          >
            Lead Designer
          </p>
          <div
            class="mt-8 flex justify-between"
          >
            <a
              href="https://www.facebook.com"
              target="_blank"
              title="facebook"
            >
              <svg
                class="team_mate_icon"
                role="img"
              >
                <use
                  xlink:href="#icon-facebook"
                />
              </svg>
            </a>
            <a
              href="https://www.twitter.com"
              target="_blank"
              title="twitter"
            >
              <svg
                class="team_mate_icon"
                role="img"
              >
                <use
                  xlink:href="#icon-twitter"
                />
              </svg>
            </a>
            <a
              href="https://www.linkedin.com"
              target="_blank"
              title="linkedin"
            >
              <svg
                class="team_mate_icon"
                role="img"
              >
                <use
                  xlink:href="#icon-linkedin"
                />
              </svg>
            </a>
          </div>
        </div>
      </article>
    </div>
  </section>
</DocumentFragment>
`;
