// Vitest Snapshot v1, https://vitest.dev/guide/snapshot.html

exports[`Nav Link: > should render correctly 1`] = `
<DocumentFragment>
  <li
    class="header_nav_link"
    id="31c97b93-9ad9-4064-9a41-d8034c2faccf"
  >
    <a
      href="#contact"
    >
      Contact
    </a>
  </li>
</DocumentFragment>
`;
