// Vitest Snapshot v1, https://vitest.dev/guide/snapshot.html

exports[`Carousel: > should render correctly 1`] = `
<DocumentFragment>
  <div
    class="flex flex-col overflow-hidden"
  >
    <input
      checked=""
      class="hidden carousel-check:bg-primary carousel-slide-2:translate-x-[calc(-100%/3)] carousel-slide-3:translate-x-[calc(-100%*2/3)]"
      id="slide_1"
      name="slide"
      type="radio"
      value="1"
    />
    <input
      class="hidden carousel-check:bg-primary carousel-slide-2:translate-x-[calc(-100%/3)] carousel-slide-3:translate-x-[calc(-100%*2/3)]"
      id="slide_2"
      name="slide"
      type="radio"
      value="2"
    />
    <input
      class="hidden carousel-check:bg-primary carousel-slide-2:translate-x-[calc(-100%/3)] carousel-slide-3:translate-x-[calc(-100%*2/3)]"
      id="slide_3"
      name="slide"
      type="radio"
      value="3"
    />
    <div
      class="order-1 flex justify-center"
    >
      <label
        class="m-[1.6rem] block h-5 w-5 cursor-pointer rounded-full border-2 border-solid border-primary bg-white"
        for="slide_1"
      />
      <label
        class="m-[1.6rem] block h-5 w-5 cursor-pointer rounded-full border-2 border-solid border-primary bg-white"
        for="slide_2"
      />
      <label
        class="m-[1.6rem] block h-5 w-5 cursor-pointer rounded-full border-2 border-solid border-primary bg-white"
        for="slide_3"
      />
    </div>
    <div
      class="flex w-[300%] transition-all duration-500"
    />
  </div>
</DocumentFragment>
`;
