// Vitest Snapshot v1, https://vitest.dev/guide/snapshot.html

exports[`CTA: > should render correctly 1`] = `
<DocumentFragment>
  <svg
    aria-hidden="true"
    class="wave text-white"
    preserveAspectRatio="none"
    role="presentation"
    viewBox="0 0 500 150"
  >
    <path
      d="M0.00,49.98 C161.96,151.48 356.65,-54.75 500.00,49.98 L504.51,-36.00 L-13.54,-3.44 Z"
      fill="currentColor"
      stroke="none"
    />
  </svg>
  <section
    aria-labelledby="cta_title"
    class="flex w-full flex-col items-center justify-around bg-black p-12 md:flex-row"
    id="call-to-action"
  >
    <div
      class="flex flex-row"
    >
      <a
        href="https://www.facebook.com"
        id="c10f7e60-6e36-498f-9a72-7b481133a14f"
        rel="noreferrer"
        target="_blank"
        title="facebook"
      >
        <svg
          class="social_link cta"
          role="img"
        >
          <use
            xlink:href="#icon-0"
          />
        </svg>
      </a>
      <a
        href="https://www.twitter.com"
        id="dc35c092-25ed-4754-8743-f4d9cd982004"
        rel="noreferrer"
        target="_blank"
        title="twitter"
      >
        <svg
          class="social_link cta"
          role="img"
        >
          <use
            xlink:href="#icon-2"
          />
        </svg>
      </a>
      <a
        href="https://www.linkedin.com"
        id="5780b1a7-ea08-4bf7-9076-685e21e4483a"
        rel="noreferrer"
        target="_blank"
        title="linkedin"
      >
        <svg
          class="social_link cta"
          role="img"
        >
          <use
            xlink:href="#icon-1"
          />
        </svg>
      </a>
    </div>
    <h2
      class="mb-3 text-[4rem] font-semibold text-white md:mb-0"
      id="cta_title"
    >
      Let's Talk
    </h2>
    <button
      class="button"
      type="button"
    >
      Get a quote today
    </button>
  </section>
</DocumentFragment>
`;
