// Vitest Snapshot v1, https://vitest.dev/guide/snapshot.html

exports[`CTA: > should render correctly 1`] = `
<DocumentFragment>
  <svg
    aria-hidden="true"
    class="wave text-white"
    preserveAspectRatio="none"
    role="presentation"
    viewBox="0 0 500 150"
  >
    <path
      d="M0.00,49.98 C161.96,151.48 356.65,-54.75 500.00,49.98 L504.51,-36.00 L-13.54,-3.44 Z"
      fill="currentColor"
      stroke="none"
    />
  </svg>
  <section
    aria-labelledby="cta_title"
    class="flex w-full flex-row items-center justify-around bg-black p-12"
    id="call-to-action"
  >
    <div
      class="mr-3 flex"
    >
      <a
        href="https://www.facebook.com"
        rel="noreferrer"
        target="_blank"
        title="facebook"
      >
        <svg
          class="m-3 block h-[4.5rem] w-[4.5rem] translate-y-0 rounded-full border-2 border-solid border-primary fill-white p-5 transition-all duration-500 hover:-translate-y-3 hover:fill-primary"
          role="img"
        >
          <use
            xlink:href="#icon-facebook"
          />
        </svg>
      </a>
      <a
        href="https://www.twitter.com"
        rel="noreferrer"
        target="_blank"
        title="twitter"
      >
        <svg
          class="m-3 block h-[4.5rem] w-[4.5rem] translate-y-0 rounded-full border-2 border-solid border-primary fill-white p-5 transition-all duration-500 hover:-translate-y-3 hover:fill-primary"
          role="img"
        >
          <use
            xlink:href="#icon-twitter"
          />
        </svg>
      </a>
      <a
        href="https://www.linkedin.com"
        rel="noreferrer"
        target="_blank"
        title="linkedin"
      >
        <svg
          class="m-3 block h-[4.5rem] w-[4.5rem] translate-y-0 rounded-full border-2 border-solid border-primary fill-white p-5 transition-all duration-500 hover:-translate-y-3 hover:fill-primary"
          role="img"
        >
          <use
            xlink:href="#icon-linkedin"
          />
        </svg>
      </a>
    </div>
    <div>
      <h2
        class="text-[4rem] font-semibold text-white"
        id="cta_title"
      >
        Let's Talk
      </h2>
    </div>
    <div
      class=""
    >
      <button
        class="button"
        type="button"
      >
        Get a quote today
      </button>
    </div>
  </section>
</DocumentFragment>
`;
