// Vitest Snapshot v1, https://vitest.dev/guide/snapshot.html

exports[`Form: > should render correctly 1`] = `
<DocumentFragment>
  <h3
    id="contact_form_heading"
  >
    Shoot Us a Message
  </h3>
  <div>
    <form
      aria-labelledby="contact_form_heading"
      novalidate=""
    >
      <div
        class="my-6 flex justify-between"
      >
        <div
          class="basis-[48%]"
        >
          <input
            class="form_field"
            maxlength="30"
            minlength="5"
            name="name"
            placeholder="Your name"
            type="text"
          />
        </div>
        <div
          class="basis-[48%]"
        >
          <input
            class="form_field"
            name="email"
            placeholder="Your email address"
            type="email"
          />
        </div>
      </div>
      <div
        class="my-6 w-full"
      >
        <input
          class="form_field"
          maxlength="100"
          minlength="5"
          name="subject"
          placeholder="Subject"
          type="text"
        />
      </div>
      <div
        class="my-6 w-full"
      >
        <textarea
          class="form_field h-80 resize-none"
          maxlength="500"
          minlength="10"
          name="message"
          placeholder="Your message"
        />
      </div>
      <button
        class="button submit"
        type="submit"
      >
        Send message
      </button>
    </form>
  </div>
</DocumentFragment>
`;
