// Vitest Snapshot v1, https://vitest.dev/guide/snapshot.html

exports[`Social Link: > should render correctly 1`] = `
<DocumentFragment>
  <a
    href="https://www.facebook.com"
    id="929262c9-7c62-4107-b17c-d1db9dbe3575"
    rel="noreferrer"
    target="_blank"
    title="facebook"
  >
    <svg
      class="social_link cta"
      role="img"
    >
      <use
        xlink:href="#icon-0"
      />
    </svg>
  </a>
</DocumentFragment>
`;
