// Vitest Snapshot v1, https://vitest.dev/guide/snapshot.html

exports[`Contact: > should render correctly 1`] = `
<DocumentFragment>
  <section
    aria-labelledby="contact_title"
    class="section bg-white"
    id="contact"
  >
    <svg
      aria-hidden="true"
      class="wave text-black"
      preserveAspectRatio="none"
      role="presentation"
      viewBox="0 0 500 150"
    >
      <path
        d="M0.00,49.98 C161.96,151.48 356.65,-54.75 500.00,49.98 L504.51,-36.00 L-13.54,-3.44 Z"
        fill="currentColor"
        stroke="none"
      />
    </svg>
    <header>
      <h2
        id="contact_title"
      >
        Contact Us
      </h2>
    </header>
    <div
      class="flex flex-row flex-wrap"
    >
      <div
        class="m-3 rounded-md bg-lightgrey-2 p-[1.6rem_3rem] text-left text-[1.6rem] text-black first:flex first:basis-full first:flex-col first:justify-evenly last:basis-full lg:m-[0.8rem_auto] first:lg:basis-[30%] last:lg:basis-[65%] [&>h3]:text-4xl [&>h3]:font-semibold [&>p]:first:mt-8"
      >
        <h3>
          Get in Touch
        </h3>
        <p>
          Lorem, ipsum dolor sit amet consectetur adipisicing elit. Quibusdam debitis eos unde officiis tempore assumenda ab repellat facere dolore dignissimos a repudiandae iste fugiat, rerum ad voluptates veritatis tenetur laboriosam?
        </p>
        <article
          class="mt-8 flex items-center"
          id="1bcfb7c3-6138-445e-81ab-4109756943d0"
        >
          <div
            class="mr-[1.6rem]"
          >
            <svg
              class="h-[2.4rem] w-[2.4rem] fill-primary"
              role="img"
            >
              <use
                xlink:href="#icon-location"
              />
            </svg>
          </div>
          <div
            class="text-left"
          >
            <p
              class="text-[1.6rem] first:text-3xl first:font-semibold"
            >
              Address
            </p>
            <p
              class="text-[1.6rem] first:text-3xl first:font-semibold"
            >
              Mountain View, California
            </p>
          </div>
        </article>
        <article
          class="mt-8 flex items-center"
          id="2ec98648-6ce9-4df3-9f36-178aa5a41814"
        >
          <div
            class="mr-[1.6rem]"
          >
            <svg
              class="h-[2.4rem] w-[2.4rem] fill-primary"
              role="img"
            >
              <use
                xlink:href="#icon-envelop"
              />
            </svg>
          </div>
          <div
            class="text-left"
          >
            <p
              class="text-[1.6rem] first:text-3xl first:font-semibold"
            >
              Email
            </p>
            <p
              class="text-[1.6rem] first:text-3xl first:font-semibold"
            >
              email_us@bizwizz.com
            </p>
          </div>
        </article>
        <article
          class="mt-8 flex items-center"
          id="3e3c9837-aeb9-4ee9-92fe-eb524ba93f07"
        >
          <div
            class="mr-[1.6rem]"
          >
            <svg
              class="h-[2.4rem] w-[2.4rem] fill-primary"
              role="img"
            >
              <use
                xlink:href="#icon-address-book"
              />
            </svg>
          </div>
          <div
            class="text-left"
          >
            <p
              class="text-[1.6rem] first:text-3xl first:font-semibold"
            >
              Telephone
            </p>
            <p
              class="text-[1.6rem] first:text-3xl first:font-semibold"
            >
              650-210-8852
            </p>
          </div>
        </article>
      </div>
      <div
        class="m-3 rounded-md bg-lightgrey-2 p-[1.6rem_3rem] text-left text-[1.6rem] text-black first:flex first:basis-full first:flex-col first:justify-evenly last:basis-full lg:m-[0.8rem_auto] first:lg:basis-[30%] last:lg:basis-[65%] [&>h3]:text-4xl [&>h3]:font-semibold [&>p]:first:mt-8"
      >
        <h3
          id="contact_form_heading"
        >
          Shoot Us a Message
        </h3>
        <div>
          <form
            aria-labelledby="contact_form_heading"
            novalidate=""
          >
            <div
              class="my-6 flex justify-between"
            >
              <div
                class="basis-[48%]"
              >
                <input
                  class="form_field"
                  maxlength="30"
                  minlength="5"
                  name="name"
                  placeholder="Your name"
                  type="text"
                />
              </div>
              <div
                class="basis-[48%]"
              >
                <input
                  class="form_field"
                  name="email"
                  placeholder="Your email address"
                  type="email"
                />
              </div>
            </div>
            <div
              class="my-6 w-full"
            >
              <input
                class="form_field"
                maxlength="100"
                minlength="5"
                name="subject"
                placeholder="Subject"
                type="text"
              />
            </div>
            <div
              class="my-6 w-full"
            >
              <textarea
                class="form_field h-80 resize-none"
                maxlength="500"
                minlength="10"
                name="message"
                placeholder="Your message"
              />
            </div>
            <button
              class="button submit"
              type="submit"
            >
              Send message
            </button>
          </form>
        </div>
      </div>
    </div>
  </section>
</DocumentFragment>
`;
