// Vitest Snapshot v1, https://vitest.dev/guide/snapshot.html

exports[`Team Mate: > should render correctly 1`] = `
<DocumentFragment>
  <article
    class="team_mate"
    id="fec6d982-1994-4d02-9cc7-18a86719fb7c"
  >
    <div
      class="team_mate_overlay"
    />
    <div
      class="team_mate_content"
    >
      <h4
        class="team_mate_name"
      >
        Paula Lee
      </h4>
      <p
        class="team_mate_designation"
      >
        CEO
      </p>
      <div
        class="team_mate_links"
      >
        <a
          href="https://www.facebook.com"
          target="_blank"
          title="facebook"
        >
          <svg
            class="team_mate_icon"
            role="img"
          >
            <use
              xlink:href="#icon-facebook"
            />
          </svg>
        </a>
        <a
          href="https://www.twitter.com"
          target="_blank"
          title="twitter"
        >
          <svg
            class="team_mate_icon"
            role="img"
          >
            <use
              xlink:href="#icon-twitter"
            />
          </svg>
        </a>
        <a
          href="https://www.linkedin.com"
          target="_blank"
          title="linkedin"
        >
          <svg
            class="team_mate_icon"
            role="img"
          >
            <use
              xlink:href="#icon-linkedin"
            />
          </svg>
        </a>
      </div>
    </div>
  </article>
</DocumentFragment>
`;
