// Vitest Snapshot v1, https://vitest.dev/guide/snapshot.html

exports[`Service: > should render correctly 1`] = `
<DocumentFragment>
  <article
    class="service"
    id="92cf33d6-5464-4bb5-8768-d62f81ab5036"
  >
    <svg
      class="service_icon"
      role="img"
    >
      <use
        xlink:href="#icon-strategy"
      />
    </svg>
    <h4
      class="service_heading"
    >
      Digital Marketing
    </h4>
  </article>
</DocumentFragment>
`;
