// Vitest Snapshot v1, https://vitest.dev/guide/snapshot.html

exports[`Nav Link: > should render correctly 1`] = `
<DocumentFragment>
  <li
    id="e67da725-6069-4902-838f-2e54b680426e"
  >
    <a
      class="ml-10 block select-none pb-[0.8rem]  text-[1.4rem] uppercase text-white transition-[border-b] hover:border-b-2 hover:border-b-primary"
      href="#contact"
    >
      Contact
    </a>
  </li>
</DocumentFragment>
`;
