// Vitest Snapshot v1, https://vitest.dev/guide/snapshot.html

exports[`Header: > should render correctly 1`] = `
<DocumentFragment>
  <header
    aria-labelledby="home_title"
    class="relative h-[100vh] w-full bg-black bg-[url(/images/header-img.jpg)] bg-[length:40%] bg-[90%_50%] bg-no-repeat"
    id="home"
  >
    <svg
      aria-hidden="true"
      class="wave text-primary"
      preserveAspectRatio="none"
      role="presentation"
      viewBox="0 0 500 150"
    >
      <path
        d="M0.00,49.98 C161.96,151.48 356.65,-54.75 500.00,49.98 L504.51,-36.00 L-13.54,-3.44 Z"
        fill="currentColor"
        stroke="none"
      />
    </svg>
    <div
      class="-mt-20 flex justify-between"
    >
      <img
        alt="Bizwizz logo"
        class="h-[12rem] w-auto select-none"
        data-nimg="1"
        decoding="async"
        height="500"
        loading="lazy"
        src="/_next/image?url=%2Fimages%2Flogo.png&w=1080&q=75"
        srcset="/_next/image?url=%2Fimages%2Flogo.png&w=640&q=75 1x, /_next/image?url=%2Fimages%2Flogo.png&w=1080&q=75 2x"
        style="color: transparent;"
        width="500"
      />
      <nav>
        <ul
          class="m-[5rem_2rem_0_0] flex list-none"
        >
          <li
            id="e67da725-6069-4902-838f-2e54b680426e"
          >
            <a
              class="ml-10 block select-none pb-[0.8rem]  text-[1.4rem] uppercase text-white transition-[border-b] hover:border-b-2 hover:border-b-primary"
              href="#contact"
            >
              Contact
            </a>
          </li>
          <li
            id="c054a01e-9103-4cd7-8a2f-c647d0d3e73b"
          >
            <a
              class="ml-10 block select-none pb-[0.8rem]  text-[1.4rem] uppercase text-white transition-[border-b] hover:border-b-2 hover:border-b-primary"
              href="#services"
            >
              Our services
            </a>
          </li>
          <li
            id="fdd9fce5-598c-4029-8682-5296584eec75"
          >
            <a
              class="ml-10 block select-none pb-[0.8rem]  text-[1.4rem] uppercase text-white transition-[border-b] hover:border-b-2 hover:border-b-primary"
              href="#portfolio"
            >
              Our Work
            </a>
          </li>
        </ul>
      </nav>
    </div>
    <div
      class="absolute left-20 top-60 text-left font-[500]"
    >
      <div>
        <h1
          class="text-[6rem] text-primary"
          id="home_title"
        >
          Bizwizz
        </h1>
        <h2
          class="mb-12 w-1/2 text-[5rem] text-white"
        >
          Innovate, Transform and Lead
        </h2>
      </div>
      <div>
        <button
          class="button"
          type="button"
        >
          Get a quote today
        </button>
      </div>
    </div>
  </header>
</DocumentFragment>
`;
