// Vitest Snapshot v1, https://vitest.dev/guide/snapshot.html

exports[`Services: > should render correctly 1`] = `
<DocumentFragment>
  <section
    aria-labelledby="services_title"
    class="section bg-white"
    id="services"
  >
    <svg
      class="text-black h-40 w-full"
      preserveAspectRatio="none"
      role="presentation"
      viewBox="0 0 500 150"
    >
      <path
        d="M0.00,49.98 C161.96,151.48 356.65,-54.75 500.00,49.98 L504.51,-36.00 L-13.54,-3.44 Z"
        fill="currentColor"
        stroke="none"
      />
    </svg>
    <div
      class="section_header"
    >
      <h2
        class="section_heading"
        id="services_title"
      >
        Our services
      </h2>
      <h3
        class="section_subheading"
      >
        Lorem ipsum dolor sit amet
      </h3>
    </div>
    <div
      class="m-[0_6rem] flex flex-wrap gap-6"
    >
      <article
        class="service"
        id="92cf33d6-5464-4bb5-8768-d62f81ab5036"
      >
        <svg
          class="service_icon"
          role="img"
        >
          <use
            xlink:href="#icon-strategy"
          />
        </svg>
        <h4
          class="service_heading"
        >
          Digital Marketing
        </h4>
      </article>
      <article
        class="service"
        id="3d87ca25-fe39-47f3-8d1c-3cdf0f459a94"
      >
        <svg
          class="service_icon"
          role="img"
        >
          <use
            xlink:href="#icon-desktop"
          />
        </svg>
        <h4
          class="service_heading"
        >
          UX Design
        </h4>
      </article>
      <article
        class="service"
        id="fdbe44b3-5dca-4f76-b07a-e6de8b0bf480"
      >
        <svg
          class="service_icon"
          role="img"
        >
          <use
            xlink:href="#icon-picture"
          />
        </svg>
        <h4
          class="service_heading"
        >
          Product Design
        </h4>
      </article>
      <article
        class="service"
        id="4706f6ad-30b1-4eca-a8a3-5571508a9949"
      >
        <svg
          class="service_icon"
          role="img"
        >
          <use
            xlink:href="#icon-pencil"
          />
        </svg>
        <h4
          class="service_heading"
        >
          Content Writing
        </h4>
      </article>
      <article
        class="service"
        id="0d3834cc-d18c-49db-97b0-e0c06aefc6fc"
      >
        <svg
          class="service_icon"
          role="img"
        >
          <use
            xlink:href="#icon-expand"
          />
        </svg>
        <h4
          class="service_heading"
        >
          Concept Development
        </h4>
      </article>
      <article
        class="service"
        id="8718afff-4203-47cb-a1f1-4232466284d4"
      >
        <svg
          class="service_icon"
          role="img"
        >
          <use
            xlink:href="#icon-megaphone"
          />
        </svg>
        <h4
          class="service_heading"
        >
          Social Outreach
        </h4>
      </article>
      <article
        class="service"
        id="1e23a19c-4a83-4ab8-a05d-adefccfae2f1"
      >
        <svg
          class="service_icon"
          role="img"
        >
          <use
            xlink:href="#icon-video"
          />
        </svg>
        <h4
          class="service_heading"
        >
          Media Planning
        </h4>
      </article>
      <article
        class="service"
        id="6ef025ef-fd35-474e-9090-0f9e19ff2ef4"
      >
        <svg
          class="service_icon"
          role="img"
        >
          <use
            xlink:href="#icon-trophy"
          />
        </svg>
        <h4
          class="service_heading"
        >
          Branding
        </h4>
      </article>
      <article
        class="service"
        id="47bf22db-4831-47bd-8d97-fc2bb53471b3"
      >
        <svg
          class="service_icon"
          role="img"
        >
          <use
            xlink:href="#icon-map"
          />
        </svg>
        <h4
          class="service_heading"
        >
          SEO
        </h4>
      </article>
    </div>
  </section>
</DocumentFragment>
`;
